sodir wellbore_all_long     9842 lines
sodir wellbore_coordinates     9842 lines
sodir wellbore_formation_top    41461 lines
sodir wellbore_casing_and_lot     8743 lines
sodir wellbore_mud    36716 lines
sodir wellbore_history   110963 lines
sodir wellbore_document    10163 lines
forge daily_reports.zip  13946322 bytes
forge time_10s.csv  118580131 bytes
forge mudlog.las   641626 bytes
forge survey.xlsx    48839 bytes
forge summary_daily_ops.pdf   192749 bytes
forge daily_reports.zip  20857806 bytes
forge survey.zip   608878 bytes
forge pason.zip  135676899 bytes
forge daily_reports.zip  66657572 bytes
forge survey.zip   425858 bytes
forge daily_reports.pdf   875354 bytes
forge survey.zip    76688 bytes
forge time_10s_standard.csv  25962042 bytes
forge data.zip  101640052 bytes
forge data.zip  57064159 bytes
forge phase2c_locations.zip     2942 bytes
